-- Copyright (c) Microsoft Corporation. All rights reserved.
-- Licensed under the PostgreSQL License.
create extension pgautofailover cascade;
NOTICE:  installing required extension "btree_gist"
